// Jest Snapshot v1, https://goo.gl/fbAQLP

exports[`connection handling will limit the number of players to 12 1`] = `[ValidationError: Game is full]`;
